// Jest Snapshot v1, https://goo.gl/fbAQLP

exports[`QuoterV2 quotes #quoteExactInput 0 -> 2 -> 1 1`] = `462382`;

exports[`QuoterV2 quotes #quoteExactInput 0 -> 2 cross 0 tick, starting tick initialized 1`] = `225907`;

exports[`QuoterV2 quotes #quoteExactInput 0 -> 2 cross 0 tick, starting tick not initialized 1`] = `143433`;

exports[`QuoterV2 quotes #quoteExactInput 0 -> 2 cross 1 tick 1`] = `243357`;

exports[`QuoterV2 quotes #quoteExactInput 0 -> 2 cross 2 tick 1`] = `332920`;

exports[`QuoterV2 quotes #quoteExactInput 0 -> 2 cross 2 tick where after is initialized 1`] = `243395`;

exports[`QuoterV2 quotes #quoteExactInput 2 -> 0 cross 0 tick, starting tick initialized 1`] = `143291`;

exports[`QuoterV2 quotes #quoteExactInput 2 -> 0 cross 0 tick, starting tick not initialized 1`] = `135955`;

exports[`QuoterV2 quotes #quoteExactInput 2 -> 0 cross 2 1`] = `325085`;

exports[`QuoterV2 quotes #quoteExactInput 2 -> 0 cross 2 where tick after is initialized 1`] = `325093`;

exports[`QuoterV2 quotes #quoteExactInput 2 -> 1 1`] = `142966`;

exports[`QuoterV2 quotes #quoteExactInputSingle 0 -> 2 1`] = `332902`;

exports[`QuoterV2 quotes #quoteExactInputSingle 2 -> 0 1`] = `325057`;

exports[`QuoterV2 quotes #quoteExactOutput 0 -> 2 -> 1 1`] = `461982`;

exports[`QuoterV2 quotes #quoteExactOutput 0 -> 2 cross 0 tick starting tick initialized 1`] = `225450`;

exports[`QuoterV2 quotes #quoteExactOutput 0 -> 2 cross 0 tick starting tick not initialized 1`] = `142996`;

exports[`QuoterV2 quotes #quoteExactOutput 0 -> 2 cross 1 tick 1`] = `242631`;

exports[`QuoterV2 quotes #quoteExactOutput 0 -> 2 cross 2 tick 1`] = `331950`;

exports[`QuoterV2 quotes #quoteExactOutput 0 -> 2 cross 2 where tick after is initialized 1`] = `242669`;

exports[`QuoterV2 quotes #quoteExactOutput 2 -> 0 cross 1 tick 1`] = `236033`;

exports[`QuoterV2 quotes #quoteExactOutput 2 -> 0 cross 2 ticks 1`] = `325167`;

exports[`QuoterV2 quotes #quoteExactOutput 2 -> 0 cross 2 where tick after is initialized 1`] = `325161`;

exports[`QuoterV2 quotes #quoteExactOutput 2 -> 1 1`] = `143519`;

exports[`QuoterV2 quotes #quoteExactOutputSingle 0 -> 1 1`] = `151119`;

exports[`QuoterV2 quotes #quoteExactOutputSingle 1 -> 0 1`] = `144148`;
